// Jest Snapshot v1, https://goo.gl/fbAQLP

exports[`matches snapshot 1`] = `
<nav
  aria-label="pagination navigation"
  className="MuiPagination-root-jiVNev dslAHc MuiPagination-root MuiPagination-text"
>
  <ul
    className="MuiPagination-ul-AaxlE VIygi MuiPagination-ul"
  >
    <li>
      <button
        aria-label="Go to previous page"
        className="MuiButtonBase-root-JTLGk xjigV MuiButtonBase-root Mui-disabled MuiPaginationItem-root-eKOth cwlSWf MuiPaginationItem-root MuiPaginationItem-sizeMedium MuiPaginationItem-text MuiPaginationItem-circular Mui-disabled MuiPaginationItem-previousNext"
        disabled={true}
        onBlur={[Function]}
        onClick={[Function]}
        onContextMenu={[Function]}
        onDragLeave={[Function]}
        onFocus={[Function]}
        onKeyDown={[Function]}
        onKeyUp={[Function]}
        onMouseDown={[Function]}
        onMouseLeave={[Function]}
        onMouseUp={[Function]}
        onTouchEnd={[Function]}
        onTouchMove={[Function]}
        onTouchStart={[Function]}
        tabIndex={-1}
        type="button"
      >
        <svg
          aria-hidden={true}
          className="MuiSvgIcon-root-ffGNMi ufROg MuiSvgIcon-root MuiSvgIcon-fontSizeMedium MuiPaginationItem-icon-cIGteT eNVKWa MuiPaginationItem-icon"
          data-testid="NavigateBeforeIcon"
          focusable="false"
          viewBox="0 0 24 24"
        >
          <path
            d="M15.41 7.41L14 6l-6 6 6 6 1.41-1.41L10.83 12z"
          />
        </svg>
      </button>
    </li>
    <li>
      <button
        aria-current="true"
        aria-label="page 1"
        className="MuiButtonBase-root-JTLGk xjigV MuiButtonBase-root MuiPaginationItem-root-eKOth cwlSWf MuiPaginationItem-root MuiPaginationItem-sizeMedium MuiPaginationItem-text MuiPaginationItem-circular Mui-selected MuiPaginationItem-page"
        disabled={false}
        onBlur={[Function]}
        onClick={[Function]}
        onContextMenu={[Function]}
        onDragLeave={[Function]}
        onFocus={[Function]}
        onKeyDown={[Function]}
        onKeyUp={[Function]}
        onMouseDown={[Function]}
        onMouseLeave={[Function]}
        onMouseUp={[Function]}
        onTouchEnd={[Function]}
        onTouchMove={[Function]}
        onTouchStart={[Function]}
        tabIndex={0}
        type="button"
      >
        1
      </button>
    </li>
    <li>
      <button
        aria-label="Go to page 2"
        className="MuiButtonBase-root-JTLGk xjigV MuiButtonBase-root MuiPaginationItem-root-eKOth cwlSWf MuiPaginationItem-root MuiPaginationItem-sizeMedium MuiPaginationItem-text MuiPaginationItem-circular MuiPaginationItem-page"
        disabled={false}
        onBlur={[Function]}
        onClick={[Function]}
        onContextMenu={[Function]}
        onDragLeave={[Function]}
        onFocus={[Function]}
        onKeyDown={[Function]}
        onKeyUp={[Function]}
        onMouseDown={[Function]}
        onMouseLeave={[Function]}
        onMouseUp={[Function]}
        onTouchEnd={[Function]}
        onTouchMove={[Function]}
        onTouchStart={[Function]}
        tabIndex={0}
        type="button"
      >
        2
      </button>
    </li>
    <li>
      <button
        aria-label="Go to page 3"
        className="MuiButtonBase-root-JTLGk xjigV MuiButtonBase-root MuiPaginationItem-root-eKOth cwlSWf MuiPaginationItem-root MuiPaginationItem-sizeMedium MuiPaginationItem-text MuiPaginationItem-circular MuiPaginationItem-page"
        disabled={false}
        onBlur={[Function]}
        onClick={[Function]}
        onContextMenu={[Function]}
        onDragLeave={[Function]}
        onFocus={[Function]}
        onKeyDown={[Function]}
        onKeyUp={[Function]}
        onMouseDown={[Function]}
        onMouseLeave={[Function]}
        onMouseUp={[Function]}
        onTouchEnd={[Function]}
        onTouchMove={[Function]}
        onTouchStart={[Function]}
        tabIndex={0}
        type="button"
      >
        3
      </button>
    </li>
    <li>
      <button
        aria-label="Go to next page"
        className="MuiButtonBase-root-JTLGk xjigV MuiButtonBase-root MuiPaginationItem-root-eKOth cwlSWf MuiPaginationItem-root MuiPaginationItem-sizeMedium MuiPaginationItem-text MuiPaginationItem-circular MuiPaginationItem-previousNext"
        disabled={false}
        onBlur={[Function]}
        onClick={[Function]}
        onContextMenu={[Function]}
        onDragLeave={[Function]}
        onFocus={[Function]}
        onKeyDown={[Function]}
        onKeyUp={[Function]}
        onMouseDown={[Function]}
        onMouseLeave={[Function]}
        onMouseUp={[Function]}
        onTouchEnd={[Function]}
        onTouchMove={[Function]}
        onTouchStart={[Function]}
        tabIndex={0}
        type="button"
      >
        <svg
          aria-hidden={true}
          className="MuiSvgIcon-root-ffGNMi ufROg MuiSvgIcon-root MuiSvgIcon-fontSizeMedium MuiPaginationItem-icon-cIGteT eNVKWa MuiPaginationItem-icon"
          data-testid="NavigateNextIcon"
          focusable="false"
          viewBox="0 0 24 24"
        >
          <path
            d="M10 6L8.59 7.41 13.17 12l-4.58 4.59L10 18l6-6z"
          />
        </svg>
      </button>
    </li>
  </ul>
</nav>
`;
