// Jest Snapshot v1, https://goo.gl/fbAQLP

exports[`matches snapshot 1`] = `
<header
  className="MuiPaper-root-jqRKNJ dfuyOL MuiPaper-root MuiPaper-elevation MuiPaper-elevation4 MuiAppBar-root-gCJNDv kLzESQ MuiAppBar-root MuiAppBar-colorPrimary MuiAppBar-positionStatic"
>
  <div
    className="MuiToolbar-root-hLnTOG SHPyl MuiToolbar-root MuiToolbar-gutters MuiToolbar-regular"
  >
    <div
      className="MuiTypography-root-bWuLxc eoJEBL MuiTypography-root MuiTypography-h6"
    >
      Pokemon
    </div>
    <div
      className="sc-iqHYmW kqXCWp"
    >
      <div
        className="sc-crrszt jXrjiG"
      >
        <svg
          aria-hidden={true}
          className="MuiSvgIcon-root-ffGNMi ufROg MuiSvgIcon-root MuiSvgIcon-fontSizeMedium"
          data-testid="SearchIcon"
          focusable="false"
          viewBox="0 0 24 24"
        >
          <path
            d="M15.5 14h-.79l-.28-.27C15.41 12.59 16 11.11 16 9.5 16 5.91 13.09 3 9.5 3S3 5.91 3 9.5 5.91 16 9.5 16c1.61 0 3.09-.59 4.23-1.57l.27.28v.79l5 4.99L20.49 19l-4.99-5zm-6 0C7.01 14 5 11.99 5 9.5S7.01 5 9.5 5 14 7.01 14 9.5 11.99 14 9.5 14z"
          />
        </svg>
      </div>
      <div
        className="MuiInputBase-root-jytTJo iblFgs MuiInputBase-root MuiInputBase-colorPrimary sc-dQoVA dZtKAF"
        onClick={[Function]}
      >
        <input
          aria-label="search"
          className="MuiInputBase-input-hhOXZE iuLSHy MuiInputBase-input"
          onAnimationStart={[Function]}
          onBlur={[Function]}
          onChange={[Function]}
          onFocus={[Function]}
          placeholder="Searchâ€¦"
          type="text"
        />
      </div>
    </div>
    <button
      aria-label="menu"
      className="MuiButtonBase-root-JTLGk xjigV MuiButtonBase-root MuiIconButton-root-jYLena jOBJaf MuiIconButton-root MuiIconButton-colorInherit MuiIconButton-edgeStart MuiIconButton-sizeLarge"
      disabled={false}
      onBlur={[Function]}
      onClick={[Function]}
      onContextMenu={[Function]}
      onDragLeave={[Function]}
      onFocus={[Function]}
      onKeyDown={[Function]}
      onKeyUp={[Function]}
      onMouseDown={[Function]}
      onMouseLeave={[Function]}
      onMouseUp={[Function]}
      onTouchEnd={[Function]}
      onTouchMove={[Function]}
      onTouchStart={[Function]}
      tabIndex={0}
      type="button"
    >
      <svg
        aria-hidden={true}
        className="MuiSvgIcon-root-ffGNMi ufROg MuiSvgIcon-root MuiSvgIcon-fontSizeMedium"
        data-testid="FilterListIcon"
        focusable="false"
        viewBox="0 0 24 24"
      >
        <path
          d="M10 18h4v-2h-4v2zM3 6v2h18V6H3zm3 7h12v-2H6v2z"
        />
      </svg>
    </button>
  </div>
</header>
`;
